// Jest Snapshot v1, https://goo.gl/fbAQLP

exports[`MainApp component should render correctly with props\` and match snapshot 1`] = `
<img
  alt="Loading..."
  className="whole-loader"
  src={Object {}}
/>
`;

exports[`MainApp component should render correctly with props\` and match snapshot 2`] = `
<img
  alt="Loading..."
  className="whole-loader"
  src={Object {}}
/>
`;
